// Jest Snapshot v1, https://goo.gl/fbAQLP

exports[`Test in <App /> Must be match with the snapshot 1`] = `
<div>
  <main>
    <section
      class="card"
    >
      <form
        class="form"
      >
        <div
          class="form__section"
        >
          <label
            class="form__label"
            for="day"
          >
            DAY
          </label>
          <input
            class="form__input"
            data-testid="input-day"
            name="day"
            placeholder="DD"
            type="number"
            value=""
          />
        </div>
        <div
          class="form__section"
        >
          <label
            class="form__label"
            for="month"
          >
            MONTH
          </label>
          <input
            class="form__input"
            data-testid="input-month"
            name="month"
            placeholder="MM"
            type="number"
            value=""
          />
        </div>
        <div
          class="form__section"
        >
          <label
            class="form__label"
            for="year"
          >
            YEAR
          </label>
          <input
            class="form__input"
            data-testid="input-year"
            name="year"
            placeholder="YYYY"
            type="number"
            value=""
          />
        </div>
      </form>
      <div
        class="division"
      >
        <button
          class="division__button"
          data-testid="button-submit"
        >
          <img
            alt="calculate"
            class="division-icon"
            height="46px"
            src="/icon-arrow.svg"
            width="46px"
          />
        </button>
      </div>
      <div
        class="results"
      >
        <div
          class="results-section"
        >
          <p
            class="results-section__result"
            data-testid="p-years"
          >
            --
          </p>
          <p
            class="results-section__label"
          >
            years
          </p>
        </div>
        <div
          class="results-section"
        >
          <p
            class="results-section__result"
            data-testid="p-months"
          >
            --
          </p>
          <p
            class="results-section__label"
          >
            months
          </p>
        </div>
        <div
          class="results-section"
        >
          <p
            class="results-section__result"
            data-testid="p-days"
          >
            --
          </p>
          <p
            class="results-section__label"
          >
            days
          </p>
        </div>
      </div>
    </section>
  </main>
</div>
`;
